SUCCESS
Program(
  api_version: 3.0
  version: <
    Version(
      items: 3
    )
  >
  block: <
    Block(
      statements: [
        NonGateInstruction(
          instruction_ref: measure(bit, qubit)
          name: measure
          operands: [
            VariableRef(
              variable --> <
                Variable(
                  name: b
                  typ: <
                    Bit(
                      size: 1
                    )
                  >
                  annotations: []
                )
              >
            )
            VariableRef(
              variable --> <
                Variable(
                  name: q
                  typ: <
                    Qubit(
                      size: 1
                    )
                  >
                  annotations: []
                )
              >
            )
          ]
          parameters: []
          annotations: []
        )
      ]
    )
  >
  variables: [
    Variable(
      name: q
      typ: <
        Qubit(
          size: 1
        )
      >
      annotations: []
    )
    Variable(
      name: b
      typ: <
        Bit(
          size: 1
        )
      >
      annotations: []
    )
  ]
)

