ERROR
Error at input.cq:3:3: value '18446744073709551616' is out of the INTEGER_LITERAL range
