{"Program":{"version":{"Version":{"items":"3","source_location":"input.cq:1:9..10"}},"block":{"GlobalBlock":{"statements":[{"Variable":{"name":{"Identifier":{"name":"q"}},"typ":{"Type":{"name":{"Keyword":{"name":"qubit"}},"size":{"IntegerLiteral":{"value":"2"}},"source_location":"input.cq:3:1..9"}},"annotations":[],"source_location":"input.cq:3:10..11"}},{"GateInstruction":{"gate":{"Gate":{"name":{"Identifier":{"name":"ctrl"}},"gate":{"Gate":{"name":{"Identifier":{"name":"X"}},"gate":"-","parameters":{"ExpressionList":{"items":[]}},"annotations":[],"source_location":"input.cq:5:6..7"}},"parameters":{"ExpressionList":{"items":[]}},"annotations":[],"source_location":"input.cq:5:1..5"}},"operands":{"ExpressionList":{"items":[{"Index":{"expr":{"Identifier":{"name":"q"}},"indices":{"IndexList":{"items":[{"IndexRange":{"first":{"IntegerLiteral":{"value":"0","source_location":"input.cq:5:10..11"}},"last":{"IntegerLiteral":{"value":"1","source_location":"input.cq:5:12..13"}}}}]}},"source_location":"input.cq:5:8..9"}}]}},"annotations":[],"source_location":"input.cq:5:1..5"}}]}}}}