ERROR
Error at input.cq:3:7..8: mismatched input '=' expecting INTEGER_LITERAL
