ERROR
Error at input.cq:3:8..9: mismatched input '[' expecting {<EOF>, NEW_LINE, ';'}
