SUCCESS
Program(
  api_version: 3.0
  version: <
    Version(
      items: 3.0
    )
  >
  block: <
    Block(
      statements: []
    )
  >
  variables: []
)

