SUCCESS
Program(
  version: <
    Version( # input.cq:1:9..12
      items: 3.0
    )
  >
  block: <
    GlobalBlock(
      statements: []
    )
  >
)

