ERROR
Error at input.cq:3:7..11: mismatched input '3.14' expecting INTEGER_LITERAL
