ERROR
Error at input.cq:3:10..11: missing IDENTIFIER at '\n'
