SUCCESS
Program(
  api_version: 3.0
  version: <
    Version(
      items: 3
    )
  >
  block: <
    Block(
      statements: [
        NonGateInstruction(
          instruction_ref: measure(bit array, qubit array)
          name: measure
          operands: [
            VariableRef(
              variable --> <
                Variable(
                  name: b
                  typ: <
                    BitArray(
                      size: 5
                    )
                  >
                  annotations: []
                )
              >
            )
            VariableRef(
              variable --> <
                Variable(
                  name: q
                  typ: <
                    QubitArray(
                      size: 5
                    )
                  >
                  annotations: []
                )
              >
            )
          ]
          parameter: -
          annotations: []
        )
      ]
    )
  >
  variables: [
    Variable(
      name: q
      typ: <
        QubitArray(
          size: 5
        )
      >
      annotations: []
    )
    Variable(
      name: b
      typ: <
        BitArray(
          size: 5
        )
      >
      annotations: []
    )
  ]
)

