{"errors":[{"range":{"start":{"line":5,"character":5},"end":{"line":5,"character":8}},"message":"trying to apply a gate modifier to a multi-qubit gate","severity":1,"relatedInformation":[{"location":{"uri":"file:///input.cq","range":{"start":{"line":0,"character":0},"end":{"line":0,"character":0}}},"message":"<unknown error message>"}]},{"range":{"start":{"line":0,"character":0},"end":{"line":0,"character":0}},"message":"failed to resolve instruction 'pow' with argument pack (qubit, qubit)","severity":1}]}