{"Program":{"api_version":"3.0","version":{"Version":{"items":"3"}},"block":{"Block":{"statements":[{"GateInstruction":{"instruction_ref":"2q_X qubit, qubit","gate":{"UnitaryGate":{"name":"ctrl","modified_gate":{"UnitaryGate":{"name":"X","modified_gate":"-","operands":"[]","full_name":"X","resolution_name":"X","terminal_name":"X","annotations":"[]"}},"operands":"[]","full_name":"ctrl_X","resolution_name":"2q_X","terminal_name":"X","annotations":"[]"}},"operands":[{"IndexRef":{"variable":{"Variable":{"name":"q","typ":{"QubitArray":{"size":"2"}},"annotations":"[]"}},"indices":[{"ConstInt":{"value":"0"}}]}},{"IndexRef":{"variable":{"Variable":{"name":"q","typ":{"QubitArray":{"size":"2"}},"annotations":"[]"}},"indices":[{"ConstInt":{"value":"1"}}]}}],"annotations":"[]"}}]}},"variables":[{"Variable":{"name":"q","typ":{"QubitArray":{"size":"2"}},"annotations":"[]"}}]}}