ERROR
Error at input.cq:4:4..6: failed to resolve variable 'EU'
