ERROR
Error at input.cq:3:5..8: extraneous input '123' expecting IDENTIFIER
