ERROR
Error at input.cq:4:5: no viable alternative at input 'blah'
