ERROR
Error at input.cq:5:5..6: no viable alternative at input 'blah\n'
