ERROR
Error at input.cq:1:1..8: mismatched input 'VERSION' expecting {NEW_LINE, ';', 'version'}
