ERROR
Error at input.cq:3:11..15: mismatched input '3.14' expecting IDENTIFIER
