ERROR
Error at input.cq:3:10..11: found qubit array of size <= 0
