ERROR
Error at input.cq:3:12..14: extraneous input 'b1' expecting {<EOF>, NEW_LINE, ';'}
