SUCCESS
Program(
  api_version: 3.0
  version: <
    Version(
      items: 3
    )
  >
  block: <
    Block(
      statements: []
    )
  >
  variables: [
    Variable(
      name: q
      typ: <
        QubitArray(
          size: 17
        )
      >
      annotations: []
    )
  ]
)

