ERROR
Error at input.cq:2:1..8: no viable alternative at input '\nversion'
