ERROR
Error at input.cq:6:5..12: failed to resolve instruction 'measure' with argument pack (qubit, bit)
