ERROR
Error at input.cq:7:15..18: extraneous input 'abc' expecting {<EOF>, NEW_LINE, ';'}
