ERROR
Error at input.cq:3:12..13: mismatched input '[' expecting {<EOF>, NEW_LINE, ';'}
